// Jest Snapshot v1, https://goo.gl/fbAQLP

exports[`renders correctly 1`] = `
.c2 {
  -webkit-font-smoothing: antialiased;
  font-family: FaktSoftPro-Normal;
  color: #3c4858;
  font-size: 24px;
  font-weight: bold;
  text-align: center;
}

.c3 {
  -webkit-font-smoothing: antialiased;
  font-family: FaktSoftPro-Normal;
  color: #979797;
  font-size: 18px;
}

.c9 {
  -webkit-font-smoothing: antialiased;
  font-family: FaktSoftPro-Normal;
  color: #3c4858;
  font-size: 14px;
}

.c10 {
  -webkit-font-smoothing: antialiased;
  font-family: FaktSoftPro-Normal;
  color: #ff4949;
  font-size: 18px;
}

.c6 {
  -webkit-font-smoothing: antialiased;
  display: block;
  box-sizing: border-box;
  width: 100%;
  outline: none;
  border-radius: 4px;
  border: 1px solid;
  border-color: #e0e6ed;
  padding: 0px 10px 0px 10px;
  height: 60px;
  color: #3c4858;
  font-family: FaktSoftPro-Normal;
  font-size: 18px;
  -webkit-letter-spacing: 0px;
  -moz-letter-spacing: 0px;
  -ms-letter-spacing: 0px;
  letter-spacing: 0px;
}

.c6:focus {
  border-radius: 4px;
  border: 1px solid;
  border-color: #1fb6ff;
  padding: 0px 10px 0px 10px;
  height: 60px;
}

.c6::-webkit-input-placeholder {
  color: #8492a6;
}

.c6::-moz-placeholder {
  color: #8492a6;
}

.c6:-ms-input-placeholder {
  color: #8492a6;
}

.c6::placeholder {
  color: #8492a6;
}

.c7 {
  height: 25px;
}

.c8 {
  display: inline;
  color: #ff4949;
  font-family: FaktSoftPro-Normal;
  font-size: 14px;
}

.c0 {
  display: -webkit-box;
  display: -webkit-flex;
  display: -ms-flexbox;
  display: flex;
  padding: 20px;
  padding-top: 0px;
  -webkit-box-pack: center;
  -webkit-justify-content: center;
  -ms-flex-pack: center;
  justify-content: center;
}

.c4 {
  display: -webkit-box;
  display: -webkit-flex;
  display: -ms-flexbox;
  display: flex;
}

.c11 {
  display: -webkit-box;
  display: -webkit-flex;
  display: -ms-flexbox;
  display: flex;
  margin-top: 20px;
  -webkit-box-pack: justify;
  -webkit-justify-content: space-between;
  -ms-flex-pack: justify;
  justify-content: space-between;
}

.c1 {
  width: 100%;
}

.c5 {
  margin-right: 20px;
  width: 100%;
}

.c12 {
  width: 41.66666666666667%;
}

.c13 {
  outline: none;
  display: block;
  cursor: pointer;
  padding: 0 20px 0 20px;
  border-radius: 4px;
  border: 1px solid;
  border-color: #e0e6ed;
  background-color: #ffffff;
  width: 100%;
  height: 60px;
  color: #3c4858;
  font-family: FaktSoftPro-Normal;
  font-size: 18px;
  -webkit-font-smoothing: antialiased;
  border-color: #e0e6ed;
}

.c13 :hover {
  background-color: #ffffff;
}

.c14 {
  outline: none;
  display: block;
  cursor: default;
  padding: 0 20px 0 20px;
  border-radius: 4px;
  border: 1px solid;
  border-color: #e0e6ed;
  background-color: #ffffff;
  width: 100%;
  height: 60px;
  color: #8492a6;
  font-family: FaktSoftPro-Normal;
  font-size: 18px;
  -webkit-font-smoothing: antialiased;
  border-color: #e0e6ed;
}

.c14 :hover {
  background-color: #ffffff;
}

@media screen and (min-width:780px) {
  .c1 {
    width: 50%;
  }
}

<div>
  <div
    className="c0"
  >
    <div
      className="c1"
      width={
        Array [
          1,
          0.5,
        ]
      }
    >
      <p
        className="c2"
        color="dark"
        fontSize="large"
        fontWeight="bold"
      >
        Qual seu nome e e-mail?
      </p>
      <p
        className="c3"
        color="grey"
        fontSize="default"
      >
        Não se preocupe, não vamos encher sua caixa de spam.
      </p>
      <div
        className="c4"
      >
        <div
          className="c5"
          width={1}
        >
          <div
            className=""
          >
            <input
              className="c6"
              fontSize="default"
              height="tall"
              letterSpacing="default"
              onChange={[Function]}
              placeholder="Nome*"
            />
            <div
              className="c7 "
            >
              <span
                className="c8 c9"
                color="dark"
                fontSize="small"
              />
            </div>
          </div>
        </div>
      </div>
      <div
        className="c4"
      >
        <div
          className="c5"
          width={1}
        >
          <div
            className=""
          >
            <input
              className="c6"
              fontSize="default"
              height="tall"
              letterSpacing="default"
              onChange={[Function]}
              placeholder="E-mail"
            />
            <div
              className="c7 "
            >
              <span
                className="c8 c9"
                color="dark"
                fontSize="small"
              />
            </div>
          </div>
        </div>
      </div>
      <p
        className="c10"
        color="red"
        fontSize="default"
      />
      <div
        className="c11"
      >
        <div
          className="c12"
          width={0.4166666666666667}
        >
          <button
            className="c13"
            fontSize="default"
            height="tall"
            onClick={[Function]}
          >
            Voltar
          </button>
        </div>
        <div
          className="c12"
          width={0.4166666666666667}
        >
          <button
            className="c14"
            disabled={true}
            fontSize="default"
            height="tall"
            onClick={[Function]}
          >
            Avançar
          </button>
        </div>
      </div>
    </div>
  </div>
</div>
`;
