// Jest Snapshot v1, https://goo.gl/fbAQLP

exports[`<AddressInput/> should render a clean page 1`] = `
.c0 {
  display: -webkit-box;
  display: -webkit-flex;
  display: -ms-flexbox;
  display: flex;
  padding: 20px;
  -webkit-box-pack: center;
  -webkit-justify-content: center;
  -ms-flex-pack: center;
  justify-content: center;
}

.c5 {
  display: -webkit-box;
  display: -webkit-flex;
  display: -ms-flexbox;
  display: flex;
}

.c9 {
  display: -webkit-box;
  display: -webkit-flex;
  display: -ms-flexbox;
  display: flex;
  margin-top: 20px;
  -webkit-box-pack: justify;
  -webkit-justify-content: space-between;
  -ms-flex-pack: justify;
  justify-content: space-between;
}

.c1 {
  width: 100%;
}

.c3 {
  margin-bottom: 20px;
}

.c6 {
  width: 100%;
}

.c10 {
  width: 41.66666666666667%;
}

.c2 {
  -webkit-font-smoothing: antialiased;
  font-family: FaktSoftPro-Normal;
  color: #3c4858;
  font-size: 24px;
  font-weight: bold;
  text-align: center;
}

.c8 {
  margin-right: 10px;
}

.c7 {
  -webkit-font-smoothing: antialiased;
  display: block;
  box-sizing: border-box;
  width: 100%;
  outline: none;
  border-radius: 4px;
  border: 1px solid;
  border-color: #e0e6ed;
  padding: 0px 10px 0px 10px;
  height: 60px;
  color: #3c4858;
  font-family: FaktSoftPro-Normal;
  font-size: 18px;
  -webkit-letter-spacing: 2px;
  -moz-letter-spacing: 2px;
  -ms-letter-spacing: 2px;
  letter-spacing: 2px;
}

.c7:focus {
  border-radius: 4px;
  border: 1px solid;
  border-color: #1fb6ff;
  padding: 0px 10px 0px 10px;
  height: 60px;
}

.c7::-webkit-input-placeholder {
  color: #8492a6;
}

.c7::-moz-placeholder {
  color: #8492a6;
}

.c7:-ms-input-placeholder {
  color: #8492a6;
}

.c7::placeholder {
  color: #8492a6;
}

.c4 {
  border: 1px solid #e0e6ed;
  border-radius: 4px;
  display: -webkit-box;
  display: -webkit-flex;
  display: -ms-flexbox;
  display: flex;
  -webkit-align-items: center;
  -webkit-box-align: center;
  -ms-flex-align: center;
  align-items: center;
}

.c11 {
  outline: none;
  display: block;
  cursor: pointer;
  padding: 0 20px 0 20px;
  border-radius: 4px;
  border: 1px solid;
  border-color: #e0e6ed;
  background-color: #ffffff;
  width: 100%;
  height: 60px;
  color: #3c4858;
  font-family: FaktSoftPro-Normal;
  font-size: 18px;
  -webkit-font-smoothing: antialiased;
  border-color: #e0e6ed;
}

.c11 :hover {
  background-color: #ffffff;
}

.c12 {
  outline: none;
  display: block;
  cursor: default;
  padding: 0 20px 0 20px;
  border-radius: 4px;
  border: 1px solid;
  border-color: #e0e6ed;
  background-color: #ffffff;
  width: 100%;
  height: 60px;
  color: #8492a6;
  font-family: FaktSoftPro-Normal;
  font-size: 18px;
  -webkit-font-smoothing: antialiased;
  border-color: #e0e6ed;
}

.c12 :hover {
  background-color: #ffffff;
}

@media screen and (min-width:640px) {
  .c1 {
    width: 50%;
  }
}

<div>
  <div
    className="c0"
  >
    <div
      className="c1"
      width={
        Array [
          1,
          0.5,
        ]
      }
    >
      <p
        className="c2"
        color="dark"
        fontSize="large"
        fontWeight="bold"
      >
        Qual o endereço do seu imóvel?
      </p>
      <div
        className=""
      />
      <div
        className="c3"
      >
        <div
          className="c4 c5"
        >
          <div
            className="c6"
            width={1}
          >
            <div
              className=""
            >
              <input
                autoComplete="off"
                className="c7"
                fontSize="default"
                height="tall"
                letterSpacing="default"
                name="street"
                onBlur={[Function]}
                onChange={[Function]}
                onKeyDown={[Function]}
                placeholder="Endereço e número*"
                style={
                  Object {
                    "border": 0,
                  }
                }
                type="text"
                value={null}
              />
            </div>
          </div>
          <div
            className="c8"
          />
        </div>
      </div>
      <div
        className=""
      >
        <div
          className=""
        >
          <input
            className="c7"
            fontSize="default"
            height="tall"
            letterSpacing="default"
            onChange={[Function]}
            placeholder="Complemento"
          />
        </div>
      </div>
      <div
        className="c9"
      >
        <div
          className="c10"
          width={0.4166666666666667}
        >
          <button
            className="c11"
            fontSize="default"
            height="tall"
            onClick={[Function]}
          >
            Voltar
          </button>
        </div>
        <div
          className="c10"
          width={0.4166666666666667}
        >
          <button
            className="c12"
            disabled={true}
            fontSize="default"
            height="tall"
            onClick={[Function]}
          >
            Avançar
          </button>
        </div>
      </div>
    </div>
  </div>
</div>
`;
