// Jest Snapshot v1, https://goo.gl/fbAQLP

exports[`<ExpandButton/> should render component 1`] = `
.c1 {
  outline: none;
  cursor: pointer;
  padding: 0 20px 0 20px;
  border-color: #e0e6ed;
  background-color: #ffffff;
  border-radius: 4px;
  border-width: 1px;
  width: auto;
  height: 40px;
  color: #3c4858;
  font-family: FaktSoftPro-Normal;
  font-size: 18px;
  -webkit-font-smoothing: antialiased;
  border-style: solid;
}

.c1 :hover {
  background-color: #ffffff;
}

.c0 {
  position: fixed;
  right: 0;
  border: 1px solid #e0e6ed;
  color: #f50057;
  font-size: 14px;
  margin: 0 20px 4px 0;
  width: 32px;
  height: 32px;
  display: -webkit-box;
  display: -webkit-flex;
  display: -ms-flexbox;
  display: flex;
  -webkit-box-pack: center;
  -webkit-justify-content: center;
  -ms-flex-pack: center;
  justify-content: center;
  -webkit-align-items: center;
  -webkit-box-align: center;
  -ms-flex-align: center;
  align-items: center;
}

.c2 {
  display: -webkit-box;
  display: -webkit-flex;
  display: -ms-flexbox;
  display: flex;
  -webkit-align-items: center;
  -webkit-box-align: center;
  -ms-flex-align: center;
  align-items: center;
  height: 16px;
}

@media screen and (min-width:768px) {
  .c0 {
    display: none;
  }
}

<button
  className="c0 c1"
  fontSize="default"
  height="medium"
  onClick={[Function]}
>
  <div
    className="c2 "
  >
    <svg
      height={16}
      version="1.1"
      viewBox="0 0 448 512"
      x={0}
      y={0}
    >
      <path
        d="M240.971 130.524l194.343 194.343c9.373 9.373 9.373 24.569 0 33.941l-22.667 22.667c-9.357 9.357-24.522 9.375-33.901.04L224 227.495 69.255 381.516c-9.379 9.335-24.544 9.317-33.901-.04l-22.667-22.667c-9.373-9.373-9.373-24.569 0-33.941L207.03 130.525c9.372-9.373 24.568-9.373 33.941-.001z"
        fill="#3c4858"
        name="chevron-up"
        type="default"
      />
    </svg>
  </div>
</button>
`;
