// Jest Snapshot v1, https://goo.gl/fbAQLP

exports[`<ProgressDialog/> should render component 1`] = `
.c1 {
  display: -webkit-box;
  display: -webkit-flex;
  display: -ms-flexbox;
  display: flex;
}

.c4 {
  display: -webkit-box;
  display: -webkit-flex;
  display: -ms-flexbox;
  display: flex;
  -webkit-box-pack: justify;
  -webkit-justify-content: space-between;
  -ms-flex-pack: justify;
  justify-content: space-between;
}

.c6 {
  outline: none;
  display: block;
  cursor: pointer;
  padding: 0 20px 0 20px;
  border-color: #e0e6ed;
  background-color: #ffffff;
  border-radius: 4px;
  border-width: 1px;
  width: 100%;
  height: 40px;
  color: #3c4858;
  font-family: FaktSoftPro-Normal;
  font-size: 18px;
  -webkit-font-smoothing: antialiased;
  border-style: solid;
}

.c6 :hover {
  background-color: #ffffff;
}

.c7 {
  outline: none;
  display: block;
  cursor: pointer;
  padding: 0 20px 0 20px;
  border-color: #f50057;
  background-color: #f50057;
  border-radius: 4px;
  border-width: 1px;
  width: 100%;
  height: 40px;
  color: #ffffff;
  font-family: FaktSoftPro-Normal;
  font-size: 18px;
  -webkit-font-smoothing: antialiased;
  border-style: solid;
}

.c7 :hover {
  background-color: #f50057;
}

.c2 {
  width: 100%;
}

.c5 {
  width: 33.33333333333333%;
}

.c3 {
  -webkit-font-smoothing: antialiased;
  font-family: FaktSoftPro-Normal;
  color: #3c4858;
  font-size: 18px;
}

.c0 {
  padding: 80px 20px 20px 20px;
  -webkit-box-pack: center;
  -webkit-justify-content: center;
  -ms-flex-pack: center;
  justify-content: center;
}

@media screen and (min-width:780px) {
  .c2 {
    width: 50%;
  }
}

@media screen and (min-width:780px) {
  .c5 {
    width: 41.66666666666667%;
  }
}

<div
  className="c0 c1"
>
  <div
    className="c2"
    width={
      Array [
        1,
        null,
        null,
        0.5,
      ]
    }
  >
    <div
      className="c1"
    >
      <p
        className="c3"
        color="dark"
        fontSize="default"
      >
        Você já estava cadastrando seu imóvel da 
        Rua tal
        . Gostaria de continuar de onde parou?
      </p>
    </div>
    <div
      className="c4"
    >
      <div
        className="c5"
        width={
          Array [
            0.3333333333333333,
            null,
            null,
            0.4166666666666667,
          ]
        }
      >
        <button
          className="c6"
          fontSize="default"
          height="medium"
          onClick={[Function]}
        >
          Não
        </button>
      </div>
      <div
        className="c5"
        width={
          Array [
            0.3333333333333333,
            null,
            null,
            0.4166666666666667,
          ]
        }
      >
        <button
          className="c7"
          fontSize="default"
          height="medium"
          onClick={[Function]}
        >
          Sim
        </button>
      </div>
    </div>
  </div>
</div>
`;
