// Jest Snapshot v1, https://goo.gl/fbAQLP

exports[`<ButtonGroupFilter/> should render component 1`] = `
.c0 {
  display: -webkit-box;
  display: -webkit-flex;
  display: -ms-flexbox;
  display: flex;
  -webkit-flex-wrap: wrap;
  -ms-flex-wrap: wrap;
  flex-wrap: wrap;
}

.c4 {
  display: -webkit-box;
  display: -webkit-flex;
  display: -ms-flexbox;
  display: flex;
}

.c2 {
  outline: none;
  cursor: pointer;
  padding: 0 20px 0 20px;
  border-color: #e0e6ed;
  background-color: #ffffff;
  border-radius: 4px;
  border-width: 1px;
  width: auto;
  height: 40px;
  margin-bottom: 10px;
  margin-right: 10px;
  padding-left: 10px;
  padding-right: 10px;
  color: #3c4858;
  font-family: FaktSoftPro-Normal;
  font-size: 18px;
  -webkit-font-smoothing: antialiased;
  border-style: solid;
}

.c2 :hover {
  background-color: #ffffff;
}

.c6 {
  outline: none;
  cursor: pointer;
  padding: 0 20px 0 20px;
  border-color: #f50057;
  background-color: #f50057;
  border-radius: 4px;
  border-width: 1px;
  width: auto;
  height: 40px;
  margin-bottom: 10px;
  margin-right: 10px;
  padding-left: 10px;
  padding-right: 10px;
  color: #ffffff;
  font-family: FaktSoftPro-Normal;
  font-size: 18px;
  -webkit-font-smoothing: antialiased;
  border-style: solid;
}

.c6 :hover {
  background-color: #f50057;
}

.c1 {
  border: 1px solid #f50057;
  color: #f50057;
  font-size: 14px;
  margin: 0 10px 4px 0;
  height: 32px;
}

.c1:last-child {
  margin-right: 0;
}

.c5 {
  border: 1px solid #f50057;
  color: #ffffff;
  font-size: 14px;
  margin: 0 10px 4px 0;
  height: 32px;
}

.c5:last-child {
  margin-right: 0;
}

.c3 {
  width: -webkit-max-content;
  width: -moz-max-content;
  width: max-content;
}

@media screen and (min-width:780px) {
  .c2 {
    padding-left: 14px;
    padding-right: 14px;
  }
}

@media screen and (min-width:780px) {
  .c6 {
    padding-left: 14px;
    padding-right: 14px;
  }
}

<div
  className="c0"
  onChange={[Function]}
>
  <button
    className="c1 c2"
    fontSize="default"
    height="medium"
    onClick={[Function]}
  >
    <div
      className="c3 c4"
    >
      Sem vagas
    </div>
  </button>
  <button
    className="c5 c6"
    fontSize="default"
    height="medium"
    onClick={[Function]}
  >
    <div
      className="c3 c4"
    >
      1
    </div>
  </button>
  <button
    className="c1 c2"
    fontSize="default"
    height="medium"
    onClick={[Function]}
  >
    <div
      className="c3 c4"
    >
      2
    </div>
  </button>
  <button
    className="c1 c2"
    fontSize="default"
    height="medium"
    onClick={[Function]}
  >
    <div
      className="c3 c4"
    >
      3
    </div>
  </button>
  <button
    className="c1 c2"
    fontSize="default"
    height="medium"
    onClick={[Function]}
  >
    <div
      className="c3 c4"
    >
      4
    </div>
  </button>
  <button
    className="c1 c2"
    fontSize="default"
    height="medium"
    onClick={[Function]}
  >
    <div
      className="c3 c4"
    >
      +
    </div>
  </button>
</div>
`;
