// Jest Snapshot v1, https://goo.gl/fbAQLP

exports[`<AddressInput/> should render previously selected bedroom options 1`] = `
.c0 {
  display: -webkit-box;
  display: -webkit-flex;
  display: -ms-flexbox;
  display: flex;
  padding: 20px;
  padding-top: 0px;
  -webkit-box-pack: center;
  -webkit-justify-content: center;
  -ms-flex-pack: center;
  justify-content: center;
}

.c4 {
  display: -webkit-box;
  display: -webkit-flex;
  display: -ms-flexbox;
  display: flex;
  margin-bottom: 20px;
  -webkit-flex-wrap: wrap;
  -ms-flex-wrap: wrap;
  flex-wrap: wrap;
}

.c5 {
  display: -webkit-box;
  display: -webkit-flex;
  display: -ms-flexbox;
  display: flex;
  -webkit-flex-wrap: wrap;
  -ms-flex-wrap: wrap;
  flex-wrap: wrap;
}

.c7 {
  display: -webkit-box;
  display: -webkit-flex;
  display: -ms-flexbox;
  display: flex;
  margin-top: 20px;
  -webkit-box-pack: justify;
  -webkit-justify-content: space-between;
  -ms-flex-pack: justify;
  justify-content: space-between;
}

.c6 {
  outline: none;
  cursor: pointer;
  padding: 0 20px 0 20px;
  border-color: #e0e6ed;
  background-color: #ffffff;
  border-radius: 4px;
  border-width: 1px;
  width: auto;
  height: 60px;
  margin-right: 10px;
  padding-left: 14px;
  padding-right: 14px;
  color: #3c4858;
  font-family: FaktSoftPro-Normal;
  font-size: 18px;
  -webkit-font-smoothing: antialiased;
  border-style: solid;
}

.c6 :hover {
  background-color: #ffffff;
}

.c9 {
  outline: none;
  display: block;
  cursor: pointer;
  padding: 0 20px 0 20px;
  border-color: #e0e6ed;
  background-color: #ffffff;
  border-radius: 4px;
  border-width: 1px;
  width: 100%;
  height: 60px;
  color: #3c4858;
  font-family: FaktSoftPro-Normal;
  font-size: 18px;
  -webkit-font-smoothing: antialiased;
  border-style: solid;
}

.c9 :hover {
  background-color: #ffffff;
}

.c10 {
  outline: none;
  display: block;
  cursor: pointer;
  padding: 0 20px 0 20px;
  border-color: #f50057;
  background-color: #f50057;
  border-radius: 4px;
  border-width: 1px;
  width: 100%;
  height: 60px;
  color: #ffffff;
  font-family: FaktSoftPro-Normal;
  font-size: 18px;
  -webkit-font-smoothing: antialiased;
  border-style: solid;
}

.c10 :hover {
  background-color: #f50057;
}

.c2 {
  -webkit-font-smoothing: antialiased;
  font-family: FaktSoftPro-Normal;
  color: #3c4858;
  font-size: 24px;
  font-weight: bold;
  text-align: center;
}

.c3 {
  -webkit-font-smoothing: antialiased;
  font-family: FaktSoftPro-Normal;
  color: #979797;
  font-size: 18px;
}

.c1 {
  width: 100%;
}

.c8 {
  width: 41.66666666666667%;
}

@media screen and (min-width:780px) {
  .c1 {
    width: 50%;
  }
}

<div>
  <div
    className="c0"
  >
    <div
      className="c1"
      width={
        Array [
          1,
          0.5,
        ]
      }
    >
      <p
        className="c2"
        color="dark"
        fontSize="large"
        fontWeight="bold"
      >
        Quantos quartos?
      </p>
      <p
        className="c3"
        color="grey"
        fontSize="default"
      >
        Quantos quartos tem no seu imóvel?
      </p>
      <div
        className="c4"
      >
        <div
          className="c5"
          onChange={[Function]}
        >
          <button
            className="c6"
            fontSize="default"
            height="tall"
            name="1"
            onClick={[Function]}
            selected={false}
            value={1}
          >
            1
          </button>
          <button
            className="c6"
            fontSize="default"
            height="tall"
            name="2"
            onClick={[Function]}
            selected={false}
            value={2}
          >
            2
          </button>
          <button
            className="c6"
            fontSize="default"
            height="tall"
            name="3"
            onClick={[Function]}
            selected={true}
            value={3}
          >
            3
          </button>
          <button
            className="c6"
            fontSize="default"
            height="tall"
            name="4"
            onClick={[Function]}
            selected={false}
            value={4}
          >
            4
          </button>
          <button
            className="c6"
            fontSize="default"
            height="tall"
            name="5"
            onClick={[Function]}
            selected={false}
            value={5}
          >
            5
          </button>
          <button
            className="c6"
            fontSize="default"
            height="tall"
            name="more"
            onClick={[Function]}
            selected={false}
            value="more"
          >
            +
          </button>
        </div>
      </div>
      <div
        className="c7"
      >
        <div
          className="c8"
          width={0.4166666666666667}
        >
          <button
            className="c9"
            fontSize="default"
            height="tall"
            onClick={[Function]}
          >
            Voltar
          </button>
        </div>
        <div
          className="c8"
          width={0.4166666666666667}
        >
          <button
            className="c10"
            disabled={false}
            fontSize="default"
            height="tall"
            onClick={[Function]}
          >
            Avançar
          </button>
        </div>
      </div>
    </div>
  </div>
</div>
`;
