// Jest Snapshot v1, https://goo.gl/fbAQLP

exports[`renders correctly 1`] = `
.c14 {
  margin-bottom: 10px;
}

.c18 {
  margin-right: 14px;
}

.c11 {
  box-sizing: border-box;
  cursor: pointer;
  border-radius: 4px;
  border: 1px solid;
  border-color: #e0e6ed;
  padding: 10px;
  display: -webkit-box;
  display: -webkit-flex;
  display: -ms-flexbox;
  display: flex;
  -webkit-align-items: center;
  -webkit-box-align: center;
  -ms-flex-align: center;
  align-items: center;
  height: 60px;
}

.c12 {
  box-sizing: border-box;
  width: 18px;
  height: 18px;
  border-radius: 18px;
  border: 2px solid #979797;
  background-color: transparent;
  margin-right: 14px;
}

.c13 {
  -webkit-font-smoothing: antialiased;
  cursor: pointer;
  color: #3c4858;
  font-family: FaktSoftPro-Normal;
  font-family: FaktSoftPro-Normal;
}

.c0 {
  display: -webkit-box;
  display: -webkit-flex;
  display: -ms-flexbox;
  display: flex;
  padding: 20px;
  -webkit-box-pack: center;
  -webkit-justify-content: center;
  -ms-flex-pack: center;
  justify-content: center;
}

.c2 {
  display: -webkit-box;
  display: -webkit-flex;
  display: -ms-flexbox;
  display: flex;
  margin-bottom: 20px;
}

.c3 {
  display: -webkit-box;
  display: -webkit-flex;
  display: -ms-flexbox;
  display: flex;
  width: 100%;
  -webkit-align-items: center;
  -webkit-box-align: center;
  -ms-flex-align: center;
  align-items: center;
  -webkit-box-pack: center;
  -webkit-justify-content: center;
  -ms-flex-pack: center;
  justify-content: center;
}

.c7 {
  display: -webkit-box;
  display: -webkit-flex;
  display: -ms-flexbox;
  display: flex;
  -webkit-box-pack: justify;
  -webkit-justify-content: space-between;
  -ms-flex-pack: justify;
  justify-content: space-between;
}

.c16 {
  display: -webkit-box;
  display: -webkit-flex;
  display: -ms-flexbox;
  display: flex;
}

.c22 {
  display: -webkit-box;
  display: -webkit-flex;
  display: -ms-flexbox;
  display: flex;
  margin-top: 20px;
  -webkit-box-pack: justify;
  -webkit-justify-content: space-between;
  -ms-flex-pack: justify;
  justify-content: space-between;
}

.c1 {
  width: 100%;
}

.c4 {
  margin-right: 20px;
}

.c9 {
  margin-left: 20px;
}

.c10 {
  width: 100%;
}

.c23 {
  width: 41.66666666666667%;
}

.c6 {
  outline: none;
  cursor: default;
  padding: 0 20px 0 20px;
  border-radius: 4px;
  border: 1px solid;
  border-color: #e0e6ed;
  background-color: #ffffff;
  width: auto;
  height: 40px;
  color: #8492a6;
  font-family: FaktSoftPro-Normal;
  font-size: 18px;
  -webkit-font-smoothing: antialiased;
  border-color: #e0e6ed;
}

.c6 :hover {
  background-color: #ffffff;
}

.c24 {
  outline: none;
  display: block;
  cursor: pointer;
  padding: 0 20px 0 20px;
  border-radius: 4px;
  border: 1px solid;
  border-color: #e0e6ed;
  background-color: #ffffff;
  width: 100%;
  height: 60px;
  color: #3c4858;
  font-family: FaktSoftPro-Normal;
  font-size: 18px;
  -webkit-font-smoothing: antialiased;
  border-color: #e0e6ed;
}

.c24 :hover {
  background-color: #ffffff;
}

.c25 {
  outline: none;
  display: block;
  cursor: default;
  padding: 0 20px 0 20px;
  border-radius: 4px;
  border: 1px solid;
  border-color: #e0e6ed;
  background-color: #ffffff;
  width: 100%;
  height: 60px;
  color: #8492a6;
  font-family: FaktSoftPro-Normal;
  font-size: 18px;
  -webkit-font-smoothing: antialiased;
  border-color: #e0e6ed;
}

.c25 :hover {
  background-color: #ffffff;
}

.c8 {
  -webkit-font-smoothing: antialiased;
  font-family: FaktSoftPro-Normal;
  color: #3c4858;
  font-size: 18px;
}

.c20 {
  position: absolute;
  box-sizing: border-box;
  margin-top: 10px;
  margin-left: 10px;
  border-radius: 50%;
  border: 2px solid #979797;
  width: 20px;
  height: 20px;
}

.c15 {
  display: -webkit-box;
  display: -webkit-flex;
  display: -ms-flexbox;
  display: flex;
  -webkit-align-items: center;
  -webkit-box-align: center;
  -ms-flex-align: center;
  align-items: center;
  border: 1px solid #e0e6ed;
  border-radius: 4px;
  cursor: pointer;
  padding-left: 10px;
  padding-right: 10px;
  min-height: 60px;
}

.c17 {
  display: -webkit-box;
  display: -webkit-flex;
  display: -ms-flexbox;
  display: flex;
  -webkit-align-items: center;
  -webkit-box-align: center;
  -ms-flex-align: center;
  align-items: center;
  margin-top: 10px;
  margin-bottom: 10px;
}

.c19 {
  position: relative;
  display: -webkit-box;
  display: -webkit-flex;
  display: -ms-flexbox;
  display: flex;
  margin: 0;
  width: 18px;
  height: 18px;
}

.c21 {
  font-size: 16px;
}

.c5 {
  border: none;
  padding: 0;
  margin: 0;
}

@media screen and (min-width:640px) {
  .c1 {
    width: 50%;
  }
}

<div>
  <div
    className="c0"
  >
    <div
      className="c1"
      width={
        Array [
          1,
          0.5,
        ]
      }
    >
      <div
        className="c2"
      >
        <div
          className="c3"
          width={1}
        >
          <div
            className="c4"
          >
            <button
              className="c5 c6"
              disabled={true}
              fontSize="default"
              height="medium"
              onClick={[Function]}
            >
              <div
                className=""
              >
                <svg
                  height={20}
                  version="1.1"
                  viewBox="0 0 192 512"
                  x={0}
                  y={0}
                >
                  <path
                    d="M192 127.338v257.324c0 17.818-21.543 26.741-34.142 14.142L29.196 270.142c-7.81-7.81-7.81-20.474 0-28.284l128.662-128.662c12.599-12.6 34.142-3.676 34.142 14.142z"
                    fill="#979797"
                    name="caret-left"
                    type="default"
                  />
                </svg>
              </div>
            </button>
          </div>
          <div
            className=""
          >
            <div
              className="c7"
            >
              <div
                className=""
              >
                <p
                  className="c8"
                  color="dark"
                  data={
                    Object {
                      "date": 2018-11-16T11:15:57.739Z,
                      "display": "Novembro de 2018",
                      "key": "2018-11",
                    }
                  }
                  fontSize="default"
                  noBorder={true}
                >
                  Novembro de 2018
                </p>
              </div>
            </div>
          </div>
          <div
            className="c9"
          >
            <button
              className="c5 c6"
              disabled={true}
              fontSize="default"
              height="medium"
              onClick={[Function]}
            >
              <div
                className=""
              >
                <svg
                  height={20}
                  version="1.1"
                  viewBox="0 0 192 512"
                  x={0}
                  y={0}
                >
                  <path
                    d="M0 384.662V127.338c0-17.818 21.543-26.741 34.142-14.142l128.662 128.662c7.81 7.81 7.81 20.474 0 28.284L34.142 398.804C21.543 411.404 0 402.48 0 384.662z"
                    fill="#979797"
                    name="caret-right"
                    type="default"
                  />
                </svg>
              </div>
            </button>
          </div>
        </div>
      </div>
      <div
        className="c2"
      >
        <div
          className="c3"
          width={1}
        >
          <div
            className="c4"
          >
            <button
              className="c5 c6"
              disabled={true}
              fontSize="default"
              height="medium"
              onClick={[Function]}
            >
              <div
                className=""
              >
                <svg
                  height={20}
                  version="1.1"
                  viewBox="0 0 192 512"
                  x={0}
                  y={0}
                >
                  <path
                    d="M192 127.338v257.324c0 17.818-21.543 26.741-34.142 14.142L29.196 270.142c-7.81-7.81-7.81-20.474 0-28.284l128.662-128.662c12.599-12.6 34.142-3.676 34.142 14.142z"
                    fill="#979797"
                    name="caret-left"
                    type="default"
                  />
                </svg>
              </div>
            </button>
          </div>
          <div
            className=""
          >
            <div
              className="c7"
            >
              <div
                className=""
              />
            </div>
          </div>
          <div
            className="c9"
          >
            <button
              className="c5 c6"
              disabled={true}
              fontSize="default"
              height="medium"
              onClick={[Function]}
            >
              <div
                className=""
              >
                <svg
                  height={20}
                  version="1.1"
                  viewBox="0 0 192 512"
                  x={0}
                  y={0}
                >
                  <path
                    d="M0 384.662V127.338c0-17.818 21.543-26.741 34.142-14.142l128.662 128.662c7.81 7.81 7.81 20.474 0 28.284L34.142 398.804C21.543 411.404 0 402.48 0 384.662z"
                    fill="#979797"
                    name="caret-right"
                    type="default"
                  />
                </svg>
              </div>
            </button>
          </div>
        </div>
      </div>
      <div
        className="c2"
      >
        <div
          className="c10"
          width={1}
        >
          <div
            className=""
            onChange={[Function]}
          >
            <div
              checked={false}
              className="c11"
              fontSize="default"
              height="tall"
              letterSpacing="default"
              onClick={[Function]}
              value="09"
            >
              <div
                checked={false}
                className="c12"
                label="No começo do dia (das 09h às 12h)"
              />
              <label
                className="c13"
                onClick={[Function]}
                value="09"
              >
                No começo do dia (das 09h às 12h)
              </label>
            </div>
            <div
              className="c14"
            />
            <div
              checked={false}
              className="c11"
              fontSize="default"
              height="tall"
              letterSpacing="default"
              onClick={[Function]}
              value="17"
            >
              <div
                checked={false}
                className="c12"
                label="No final do dia (das 16h às 19h)"
              />
              <label
                className="c13"
                onClick={[Function]}
                value="17"
              >
                No final do dia (das 16h às 19h)
              </label>
            </div>
            <div
              className="c14"
            />
          </div>
          <div
            className="c15 c16"
            onClick={[Function]}
            selected={false}
          >
            <div
              className="c10"
              width={1}
            >
              <div
                className="c16"
              >
                <div
                  className="c10"
                  width={1}
                >
                  <div
                    className="c17 c16"
                  >
                    <div
                      className="c18"
                    >
                      <div
                        className="c19 c20"
                      />
                    </div>
                    <span
                      className="c21 c8"
                      color="dark"
                      fontSize="default"
                    >
                      Escolher horário específico
                    </span>
                  </div>
                </div>
              </div>
            </div>
          </div>
        </div>
      </div>
      <div
        className="c22"
      >
        <div
          className="c23"
          width={0.4166666666666667}
        >
          <button
            className="c24"
            fontSize="default"
            height="tall"
            onClick={[Function]}
          >
            Voltar
          </button>
        </div>
        <div
          className="c23"
          width={0.4166666666666667}
        >
          <button
            className="c25"
            disabled={true}
            fontSize="default"
            height="tall"
            onClick={[Function]}
          >
            Avançar
          </button>
        </div>
      </div>
    </div>
  </div>
</div>
`;
